// Jest Snapshot v1, https://goo.gl/fbAQLP

exports[`<Header /> renders correctly - Snapshot Testing 1`] = `
<View
  style={
    Object {
      "alignItems": "center",
      "backgroundColor": "#FFE680",
      "borderBottomLeftRadius": 20,
      "borderBottomRightRadius": 20,
      "flexDirection": "row",
      "height": 80,
      "justifyContent": "space-evenly",
    }
  }
>
  <Text
    style={
      Array [
        Object {
          "color": "#000000",
          "fontFamily": "System",
          "fontWeight": "400",
          "textAlign": "left",
        },
        Object {
          "color": "#333",
          "flex": 0.7,
          "fontSize": 30,
          "fontWeight": "bold",
        },
      ]
    }
  >
    PUENTE
  </Text>
  <View
    style={
      Object {
        "borderRadius": 30,
        "color": "#333",
      }
    }
  >
    <View
      accessibilityRole="button"
      accessibilityState={
        Object {
          "disabled": undefined,
        }
      }
      accessible={true}
      focusable={false}
      hitSlop={
        Object {
          "bottom": 6,
          "left": 6,
          "right": 6,
          "top": 6,
        }
      }
      isTVSelectable={true}
      onClick={[Function]}
      onResponderGrant={[Function]}
      onResponderMove={[Function]}
      onResponderRelease={[Function]}
      onResponderTerminate={[Function]}
      onResponderTerminationRequest={[Function]}
      onStartShouldSetResponder={[Function]}
      style={
        Array [
          Object {
            "overflow": "hidden",
          },
          Array [
            Object {
              "alignItems": "center",
              "justifyContent": "center",
              "margin": 6,
              "overflow": "hidden",
            },
            Object {
              "borderRadius": 22.5,
              "height": 45,
              "width": 45,
            },
            undefined,
            undefined,
          ],
        ]
      }
    >
      <View
        style={null}
      >
        <Text />
      </View>
    </View>
  </View>
  <View
    style={
      Object {
        "borderRadius": 30,
        "color": "#333",
      }
    }
  >
    <View
      accessibilityRole="button"
      accessibilityState={
        Object {
          "disabled": undefined,
        }
      }
      accessible={true}
      focusable={false}
      hitSlop={
        Object {
          "bottom": 6,
          "left": 6,
          "right": 6,
          "top": 6,
        }
      }
      isTVSelectable={true}
      onClick={[Function]}
      onResponderGrant={[Function]}
      onResponderMove={[Function]}
      onResponderRelease={[Function]}
      onResponderTerminate={[Function]}
      onResponderTerminationRequest={[Function]}
      onStartShouldSetResponder={[Function]}
      style={
        Array [
          Object {
            "overflow": "hidden",
          },
          Array [
            Object {
              "alignItems": "center",
              "justifyContent": "center",
              "margin": 6,
              "overflow": "hidden",
            },
            Object {
              "borderRadius": 22.5,
              "height": 45,
              "width": 45,
            },
            undefined,
            undefined,
          ],
        ]
      }
    >
      <View
        style={null}
      >
        <Text />
      </View>
    </View>
  </View>
</View>
`;
